// Jest Snapshot v1, https://goo.gl/fbAQLP

exports[`<App /> Link matches snapshot 1`] = `
<a
  href="/someLocation"
  onClick={[Function]}
/>
`;

exports[`<App /> should render 1`] = `
<div
  style={
    Object {
      "textAlign": "center",
    }
  }
>
  <header>
    <a
      href="/"
      onClick={[Function]}
    >
      Category View
    </a>
  </header>
  <main />
</div>
`;
